INFO: Excluded 0 rows before cpd_entry aggregation.
INFO: Processing 132 cpd_entry groups.
WARNING: cpd_entry 10 has warnings: experts_nearly_identical
WARNING: cpd_entry 21 has warnings: experts_nearly_identical
WARNING: cpd_entry 32 has warnings: experts_nearly_identical
WARNING: cpd_entry 33 has warnings: large_wasserstein_disagreement
WARNING: cpd_entry 34 has warnings: large_wasserstein_disagreement
WARNING: cpd_entry 35 has warnings: large_wasserstein_disagreement
WARNING: cpd_entry 36 has warnings: large_wasserstein_disagreement
WARNING: cpd_entry 37 has warnings: large_wasserstein_disagreement
WARNING: cpd_entry 38 has warnings: large_wasserstein_disagreement
WARNING: cpd_entry 39 has warnings: large_wasserstein_disagreement
WARNING: cpd_entry 40 has warnings: large_wasserstein_disagreement
WARNING: cpd_entry 41 has warnings: large_wasserstein_disagreement
WARNING: cpd_entry 42 has warnings: large_wasserstein_disagreement
WARNING: cpd_entry 43 has warnings: experts_nearly_identical
WARNING: cpd_entry 44 has warnings: large_wasserstein_disagreement
WARNING: cpd_entry 45 has warnings: large_wasserstein_disagreement
WARNING: cpd_entry 46 has warnings: large_wasserstein_disagreement
WARNING: cpd_entry 47 has warnings: large_wasserstein_disagreement
WARNING: cpd_entry 48 has warnings: large_wasserstein_disagreement
WARNING: cpd_entry 49 has warnings: large_wasserstein_disagreement
WARNING: cpd_entry 50 has warnings: large_wasserstein_disagreement
WARNING: cpd_entry 51 has warnings: large_wasserstein_disagreement
WARNING: cpd_entry 52 has warnings: large_wasserstein_disagreement
WARNING: cpd_entry 53 has warnings: large_wasserstein_disagreement
WARNING: cpd_entry 54 has warnings: experts_nearly_identical
WARNING: cpd_entry 65 has warnings: experts_nearly_identical
WARNING: cpd_entry 76 has warnings: experts_nearly_identical
WARNING: cpd_entry 87 has warnings: experts_nearly_identical
WARNING: cpd_entry 98 has warnings: experts_nearly_identical
WARNING: cpd_entry 109 has warnings: experts_nearly_identical
WARNING: cpd_entry 120 has warnings: experts_nearly_identical
WARNING: cpd_entry 121 has warnings: large_wasserstein_disagreement
WARNING: cpd_entry 122 has warnings: large_wasserstein_disagreement
WARNING: cpd_entry 123 has warnings: large_wasserstein_disagreement
WARNING: cpd_entry 124 has warnings: large_wasserstein_disagreement
WARNING: cpd_entry 125 has warnings: large_wasserstein_disagreement
WARNING: cpd_entry 126 has warnings: large_wasserstein_disagreement
WARNING: cpd_entry 127 has warnings: large_wasserstein_disagreement
WARNING: cpd_entry 128 has warnings: large_wasserstein_disagreement
WARNING: cpd_entry 129 has warnings: large_wasserstein_disagreement
WARNING: cpd_entry 130 has warnings: large_wasserstein_disagreement
WARNING: cpd_entry 131 has warnings: experts_nearly_identical
INFO: Wrote outputs/oc3_financial_ddos_cpd_entry_uncertainty/cpd_entry_uncertainty.csv
INFO: Wrote outputs/oc3_financial_ddos_cpd_entry_uncertainty/pairwise_wasserstein_long.csv
INFO: Wrote outputs/oc3_financial_ddos_cpd_entry_uncertainty/cpd_entry_summary.json
INFO: Wrote outputs/oc3_financial_ddos_cpd_entry_uncertainty/cpd_entry_rankings.csv
INFO: Average experts per cpd_entry: 5.000
INFO: Average mixture variance: 35190871012177.179688
INFO: Average Frechet variance W2: 10096245663398.318359
INFO: Average mean pairwise W1: 831760.205456
INFO: Average mean pairwise W2: 1090480.312964
